Genesis A B E F N T U 
Genesis A B E F M N U 
Genesis A B E F L N U 
Genesis A B E F M T U 
Genesis A B E F L M U 
Genesis A B C E F M U 
Genesis A B C F N O V 
Genesis A B C F N O U 
Genesis A B C F M N O 
Genesis A B C F O U V 
Genesis A B C F G O V 
Genesis A B C F M O V 
Genesis A B C F M O U 
Genesis A B C F N U V 
Genesis A B C F M N V 
Genesis A B C F M N U 
Genesis A B C F M U V 
Genesis A C F G N O V 
Genesis A B F L N T U 
Genesis A B C E M N U 
Genesis A B E K S T U 
Genesis A B E J S T U 
Genesis A B E K L S U 
Genesis A B E J L S U 
Genesis A B E K L S T 
Genesis A B E J L S T 
Genesis A B D E J K S 
Genesis A B D E I K S 
Genesis A B D E I J S 
Genesis A B D I J R S 
Genesis A B D I Q R S 
Genesis A B D I J Q S 
Genesis A B C G N O V 
Genesis A B D E J S 
